
Initial Chunk Files                                     | Names                          |  Raw Size
vendor.js                                               | vendor                         |   6.79 MB |
styles.css, styles.js                                   | styles                         | 444.53 kB |
main.js                                                 | main                           | 311.26 kB |
polyfills.js                                            | polyfills                      | 252.61 kB |
scripts.js                                              | scripts                        |  59.16 kB |
runtime.js                                              | runtime                        |  14.15 kB |

| Initial Total                  |   7.85 MB

Lazy Chunk Files                                        | Names                          |  Raw Size
src_app_components_components_module_ts.js              | components-components-module   |   1.67 MB |
src_app_admin_admin_module_ts.js                        | admin-admin-module             | 987.74 kB |
node_modules_canvg_lib_index_es_js.js                   | canvg                          | 434.26 kB |
src_app_components_resources_resources_module_ts.js     | resources-resources-module     | 213.34 kB |
src_app_components_partnership_partnership_module_ts.js | partnership-partnership-module | 207.23 kB |
src_app_components_resources_tools_tools_module_ts.js   | tools-tools-module             |  83.16 kB |
src_app_components_account_account_module_ts.js         | account-account-module         |  73.66 kB |
node_modules_dompurify_dist_purify_js.js                | dompurify                      |  65.96 kB |
src_app_components_platforms_platforms_module_ts.js     | platforms-platforms-module     |  41.22 kB |

Build at: 2026-05-14T10:50:40.784Z - Hash: ca87774560dbec06 - Time: 20647ms

** Angular Live Development Server is listening on localhost:4300, open your browser on http://localhost:4300/ **


√ Compiled successfully.

15 unchanged chunks

Build at: 2026-05-14T10:50:43.931Z - Hash: ca87774560dbec06 - Time: 2719ms

√ Compiled successfully.
